// Jest Snapshot v1, https://goo.gl/fbAQLP

exports[`<Product/> Renders and matches the snapshot 1`] = `
<div>
  <div
    class="ItemStyles-sc-dq8isy-0 klUxCl"
  >
    <img
      alt="dogs are best"
      src="dog.jpg"
    />
    <h3
      class="Title-sc-1q7rs34-0 dqjVxO"
    >
      <a
        href="/product/abc123"
      >
        dogs are best
      </a>
    </h3>
    <span
      class="PriceTag-sc-1th435p-0 icuVUV"
    >
      $50
    </span>
    <p>
      dogs
    </p>
    <div
      class="buttonList"
    >
      <a
        href="/update?id=abc123"
      >
        Edit ✏️
      </a>
      <button
        type="button"
      >
        Add
         To Cart 🛒
      </button>
      <button
        type="button"
      >
        Delete 🗑
      </button>
    </div>
  </div>
</div>
`;
